[eyecix.com/html/careerfy/index.html]
[backblue.gif]
[fade.gif]
[index.html]
[eyecix.com/html/careerfy/images/logo.png]
[eyecix.com/html/careerfy/index-five.html]
[eyecix.com/html/careerfy/index-2.html]
[eyecix.com/html/careerfy/index-six.html]
[eyecix.com/html/careerfy/index-seven.html]
[eyecix.com/html/careerfy/about-us.html]
[eyecix.com/html/careerfy/cv-packages.html]
[eyecix.com/html/careerfy/faq.html]
[eyecix.com/html/careerfy/job-grid-full.html]
[eyecix.com/html/careerfy/job-grid-with-filters.html]
[eyecix.com/html/careerfy/job-listings.html]
[eyecix.com/html/careerfy/job-detail.html]
[eyecix.com/html/careerfy/job-detail-two.html]
[eyecix.com/html/careerfy/job-detail-three.html]
[eyecix.com/html/careerfy/job-detail-four.html]
[eyecix.com/html/careerfy/job-packages.html]
[eyecix.com/html/careerfy/candidate-dashboard-applied-jobs.html]
[eyecix.com/html/careerfy/candidate-dashboard-changed-password.html]
[eyecix.com/html/careerfy/candidate-dashboard-cv-manager.html]
[eyecix.com/html/careerfy/candidate-dashboard-job-alert.html]
[eyecix.com/html/careerfy/candidate-dashboard-profile-seting.html]
[eyecix.com/html/careerfy/candidate-dashboard-resume.html]
[eyecix.com/html/careerfy/candidate-dashboard-saved-jobs.html]
[eyecix.com/html/careerfy/candidate-listings.html]
[eyecix.com/html/careerfy/candidate-grid.html]
[eyecix.com/html/careerfy/candidate-detail.html]
[eyecix.com/html/careerfy/candidate-detail-two.html]
[eyecix.com/html/careerfy/candidate-detail-three.html]
[eyecix.com/html/careerfy/candidate-detail-four.html]
[eyecix.com/html/careerfy/employer-list.html]
[eyecix.com/html/careerfy/employer-grid.html]
[eyecix.com/html/careerfy/employer-detail.html]
[eyecix.com/html/careerfy/employer-detail-two.html]
[eyecix.com/html/careerfy/employer-detail-three.html]
[eyecix.com/html/careerfy/employer-detail-four.html]
[eyecix.com/html/careerfy/employer-dashboard-transactions.html]
[eyecix.com/html/careerfy/employer-dashboard-resumes.html]
[eyecix.com/html/careerfy/employer-dashboard-profile-seting.html]
[eyecix.com/html/careerfy/employer-dashboard-pkgpayment.html]
[eyecix.com/html/careerfy/employer-dashboard-packages.html]
[eyecix.com/html/careerfy/employer-dashboard-newjob.html]
[eyecix.com/html/careerfy/employer-dashboard-manage-jobs.html]
[eyecix.com/html/careerfy/employer-dashboard-confitmation.html]
[eyecix.com/html/careerfy/contact-us.html]
[eyecix.com/html/careerfy/extra-images/parallex-thumb-1.png]
[eyecix.com/html/careerfy/extra-images/featured-listing-1.jpg]
[eyecix.com/html/careerfy/extra-images/featured-listing-2.jpg]
[eyecix.com/html/careerfy/extra-images/featured-listing-3.jpg]
[eyecix.com/html/careerfy/extra-images/featured-listing-4.jpg]
[eyecix.com/html/careerfy/extra-images/featured-listing-5.jpg]
[eyecix.com/html/careerfy/extra-images/featured-listing-6.jpg]
[eyecix.com/html/careerfy/extra-images/testimonial-thumb-1.jpg]
[eyecix.com/html/careerfy/extra-images/blog-grid-1.jpg]
[eyecix.com/html/careerfy/extra-images/blog-grid-2.jpg]
[eyecix.com/html/careerfy/extra-images/blog-grid-3.jpg]
[eyecix.com/html/careerfy/extra-images/multiple-logos.jpg]
[eyecix.com/html/careerfy/images/footer-logo.png]
[eyecix.com/html/careerfy/extra-images/login-robot.png]
[eyecix.com/html/careerfy/script/jquery.js]
[eyecix.com/html/careerfy/script/bootstrap.js]
[eyecix.com/html/careerfy/script/slick-slider.js]
[eyecix.com/html/careerfy/plugin-script/counter.js]
[eyecix.com/html/careerfy/plugin-script/progressbar.js]
[eyecix.com/html/careerfy/plugin-script/fancybox.pack.js]
[eyecix.com/html/careerfy/plugin-script/isotope.min.js]
[eyecix.com/html/careerfy/plugin-script/functions.js]
[eyecix.com/html/careerfy/script/functions.js]
[eyecix.com/html/careerfy/index.html]
[eyecix.com/html/careerfy/extra-images/service-pattren-bg.jpg]
[eyecix.com/html/careerfy/extra-images/parallex-text-box-bg.png]
[eyecix.com/html/careerfy/extra-images/service-five-bg.jpg]
[eyecix.com/html/careerfy/extra-images/team-full-bg.png]
[eyecix.com/html/careerfy/css/bootstrap.css]
[eyecix.com/html/careerfy/fonts/fontawesome-webfont3e6e.eot]
[eyecix.com/html/careerfy/fonts/fontawesome-webfontd41d.eot]
[eyecix.com/html/careerfy/fonts/fontawesome-webfont3e6e.woff2]
[eyecix.com/html/careerfy/fonts/fontawesome-webfont3e6e.woff]
[eyecix.com/html/careerfy/fonts/fontawesome-webfont3e6e.ttf]
[eyecix.com/html/careerfy/css/font-awesome.css]
[eyecix.com/html/careerfy/fonts/icomoonea49.eot]
[eyecix.com/html/careerfy/fonts/icomoonea49.ttf]
[eyecix.com/html/careerfy/fonts/icomoonea49.woff]
[eyecix.com/html/careerfy/css/flaticon.css]
[eyecix.com/html/careerfy/css/slick-slider.css]
[eyecix.com/html/careerfy/images/fancybox/fancybox_sprite.png]
[eyecix.com/html/careerfy/images/fancybox/blank.gif]
[eyecix.com/html/careerfy/images/fancybox/fancybox_overlay.png]
[eyecix.com/html/careerfy/images/fancybox/fancybox_sprite@2x.png]
[eyecix.com/html/careerfy/images/fancybox/fancybox_loading@2x.gif]
[eyecix.com/html/careerfy/plugin-css/fancybox.css]
[eyecix.com/html/careerfy/extra-images/jogdetail-subheader-bg.jpg]
[eyecix.com/html/careerfy/images/rating-star.png]
[eyecix.com/html/careerfy/plugin-css/plugin.css]
[eyecix.com/html/careerfy/css/color.css]
[eyecix.com/html/careerfy/extra-images/banner-bg.jpg]
[eyecix.com/html/careerfy/extra-images/subheader-bg.jpg]
[eyecix.com/html/careerfy/style.css]
[eyecix.com/html/careerfy/css/responsive.css]
[eyecix.com/html/careerfy/index-2.html]
[eyecix.com/html/careerfy/images/home-v5-logo.png]
[eyecix.com/html/careerfy/extra-images/banner-six-img-1.jpg]
[eyecix.com/html/careerfy/extra-images/dreamjob-grid-1.png]
[eyecix.com/html/careerfy/extra-images/dreamjob-grid-2.png]
[eyecix.com/html/careerfy/extra-images/categories-stylethree-img1.jpg]
[eyecix.com/html/careerfy/extra-images/categories-stylethree-img2.jpg]
[eyecix.com/html/careerfy/extra-images/categories-stylethree-img3.jpg]
[eyecix.com/html/careerfy/extra-images/categories-stylethree-img4.jpg]
[eyecix.com/html/careerfy/extra-images/categories-stylethree-img5.jpg]
[eyecix.com/html/careerfy/extra-images/categories-stylethree-img6.jpg]
[eyecix.com/html/careerfy/extra-images/categories-stylethree-img7.jpg]
[eyecix.com/html/careerfy/extra-images/categories-stylethree-img8.jpg]
[eyecix.com/html/careerfy/extra-images/team-bg.png]
[eyecix.com/html/careerfy/extra-images/team-parallex-list-1.jpg]
[eyecix.com/html/careerfy/extra-images/team-parallex-list-2.jpg]
[eyecix.com/html/careerfy/extra-images/team-parallex-list-3.jpg]
[eyecix.com/html/careerfy/extra-images/service-five-img-1.png]
[eyecix.com/html/careerfy/extra-images/service-five-img-2.png]
[eyecix.com/html/careerfy/extra-images/service-five-img-3.png]
[eyecix.com/html/careerfy/extra-images/blog-medium-1.jpg]
[eyecix.com/html/careerfy/extra-images/blog-medium-thumb-1.jpg]
[eyecix.com/html/careerfy/extra-images/blog-medium-2.jpg]
[eyecix.com/html/careerfy/images/appstore.png]
[eyecix.com/html/careerfy/images/googleplay1.png]
[eyecix.com/html/careerfy/build/mediaelement-and-player.js]
[eyecix.com/html/careerfy/index-five.html]
[eyecix.com/html/careerfy/images/jobsearch-logo.png]
[eyecix.com/html/careerfy/extra-images/employer-1.png]
[eyecix.com/html/careerfy/extra-images/employer-2.png]
[eyecix.com/html/careerfy/extra-images/employer-3.png]
[eyecix.com/html/careerfy/extra-images/employer-4.png]
[eyecix.com/html/careerfy/extra-images/candidate-1.jpg]
[eyecix.com/html/careerfy/extra-images/candidate-2.jpg]
[eyecix.com/html/careerfy/extra-images/candidate-3.jpg]
[eyecix.com/html/careerfy/extra-images/candidate-4.jpg]
[eyecix.com/html/careerfy/extra-images/employer-seven-1.png]
[eyecix.com/html/careerfy/extra-images/employer-seven-2.png]
[eyecix.com/html/careerfy/extra-images/employer-seven-3.png]
[eyecix.com/html/careerfy/extra-images/employer-seven-4.png]
[careerfy.net/homejob/wp-content/uploads/testimonial-user.jpg]
[eyecix.com/html/careerfy/extra-images/latest-blog-1.jpg]
[eyecix.com/html/careerfy/extra-images/latest-blog-2.jpg]
[eyecix.com/html/careerfy/extra-images/latest-blog-3.jpg]
[eyecix.com/html/careerfy/extra-images/partner-style2-logo-1.png]
[eyecix.com/html/careerfy/extra-images/partner-style2-logo-2.png]
[eyecix.com/html/careerfy/extra-images/partner-style2-logo-3.png]
[eyecix.com/html/careerfy/extra-images/partner-style2-logo-4.png]
[eyecix.com/html/careerfy/extra-images/partner-style2-logo-5.png]
[eyecix.com/html/careerfy/extra-images/partner-style2-logo-6.png]
[eyecix.com/html/careerfy/script/progress-circle.js]
[eyecix.com/html/careerfy/index-six.html]
[eyecix.com/html/careerfy/images/job-finder.png]
[eyecix.com/html/careerfy/extra-images/iconv8-01.png]
[eyecix.com/html/careerfy/extra-images/iconv8-02.png]
[eyecix.com/html/careerfy/extra-images/iconv8-03.png]
[eyecix.com/html/careerfy/extra-images/featured-job-grid-1.jpg]
[eyecix.com/html/careerfy/extra-images/featured-job-grid-2.jpg]
[eyecix.com/html/careerfy/extra-images/featured-job-grid-3.jpg]
[eyecix.com/html/careerfy/extra-images/featured-job-grid-4.png]
[eyecix.com/html/careerfy/extra-images/featured-job-grid-5.png]
[eyecix.com/html/careerfy/extra-images/featured-job-grid-6.png]
[eyecix.com/html/careerfy/extra-images/employer-images-01.png]
[eyecix.com/html/careerfy/extra-images/blogs-jobsearch-10-.jpg]
[eyecix.com/html/careerfy/extra-images/candidate-13-150x150.jpg]
[eyecix.com/html/careerfy/extra-images/blogs-jobsearch-11-.jpg]
[eyecix.com/html/careerfy/extra-images/blogs-jobsearch-09-.jpg]
[eyecix.com/html/careerfy/extra-images/partner-two-logo-1.png]
[eyecix.com/html/careerfy/extra-images/partner-two-logo-2.png]
[eyecix.com/html/careerfy/extra-images/partner-two-logo-3.png]
[eyecix.com/html/careerfy/extra-images/partner-two-logo-4.png]
[eyecix.com/html/careerfy/extra-images/partner-two-logo-5.png]
[eyecix.com/html/careerfy/extra-images/partner-two-logo-6.png]
[careerfy.net/jobfinder/wp-content/uploads/logo-hv8.png]
[eyecix.com/html/careerfy/index-seven.html]
[eyecix.com/html/careerfy/extra-images/about-us-thumb.png]
[eyecix.com/html/careerfy/extra-images/our-featured-slider-1.png]
[eyecix.com/html/careerfy/extra-images/our-featured-slider-2.png]
[eyecix.com/html/careerfy/extra-images/our-featured-slider-3.png]
[eyecix.com/html/careerfy/extra-images/our-featured-slider-4.png]
[eyecix.com/html/careerfy/extra-images/our-featured-slider-5.png]
[eyecix.com/html/careerfy/about-us.html]
[eyecix.com/html/careerfy/cv-packages.html]
[eyecix.com/html/careerfy/faq.html]
[eyecix.com/html/careerfy/extra-images/job-grid-logo-1.png]
[eyecix.com/html/careerfy/extra-images/job-grid-logo-2.png]
[eyecix.com/html/careerfy/extra-images/job-grid-logo-3.png]
[eyecix.com/html/careerfy/extra-images/job-grid-logo-4.png]
[eyecix.com/html/careerfy/extra-images/job-grid-logo-5.png]
[eyecix.com/html/careerfy/extra-images/job-grid-logo-6.png]
[eyecix.com/html/careerfy/extra-images/job-grid-logo-7.png]
[eyecix.com/html/careerfy/extra-images/job-grid-logo-8.png]
[eyecix.com/html/careerfy/extra-images/job-grid-logo-9.png]
[eyecix.com/html/careerfy/extra-images/job-grid-logo-10.png]
[eyecix.com/html/careerfy/extra-images/job-grid-logo-11.png]
[eyecix.com/html/careerfy/extra-images/job-grid-logo-12.png]
[eyecix.com/html/careerfy/job-grid-full.html]
[eyecix.com/html/careerfy/job-grid-with-filters.html]
[eyecix.com/html/careerfy/extra-images/job-listing-logo-1.png]
[eyecix.com/html/careerfy/extra-images/job-listing-logo-2.png]
[eyecix.com/html/careerfy/extra-images/job-listing-logo-3.png]
[eyecix.com/html/careerfy/extra-images/job-listing-logo-4.png]
[eyecix.com/html/careerfy/extra-images/job-listing-logo-5.png]
[eyecix.com/html/careerfy/extra-images/job-listing-logo-6.png]
[eyecix.com/html/careerfy/extra-images/job-listing-logo-7.png]
[eyecix.com/html/careerfy/extra-images/job-listing-logo-8.png]
[eyecix.com/html/careerfy/job-listings.html]
[eyecix.com/html/careerfy/extra-images/job-detail-logo-1.png]
[eyecix.com/html/careerfy/extra-images/jobdetail-add.jpg]
[eyecix.com/html/careerfy/job-detail.html]
[eyecix.com/html/careerfy/extra-images/widget_application_apply_1.jpg]
[eyecix.com/html/careerfy/script/jquery.countdown.js]
[eyecix.com/html/careerfy/job-detail-two.html]
[eyecix.com/html/careerfy/extra-images/jobdetail-three-full1.jpg]
[eyecix.com/html/careerfy/extra-images/job-detailthree-logo.png]
[eyecix.com/html/careerfy/job-detail-three.html]
[eyecix.com/html/careerfy/extra-images/jobdetail-four-logo.jpg]
[eyecix.com/html/careerfy/extra-images/widget-contact-captcha.jpg]
[eyecix.com/html/careerfy/extra-images/joblisting-plain-1.png]
[eyecix.com/html/careerfy/extra-images/joblisting-plain-2.png]
[eyecix.com/html/careerfy/extra-images/joblisting-plain-3.png]
[eyecix.com/html/careerfy/job-detail-four.html]
[eyecix.com/html/careerfy/extra-images/partner-logo-1.png]
[eyecix.com/html/careerfy/extra-images/partner-logo-2.png]
[eyecix.com/html/careerfy/extra-images/partner-logo-3.png]
[eyecix.com/html/careerfy/extra-images/partner-logo-4.png]
[eyecix.com/html/careerfy/extra-images/partner-logo-5.png]
[eyecix.com/html/careerfy/extra-images/partner-logo-6.png]
[eyecix.com/html/careerfy/job-packages.html]
[eyecix.com/html/careerfy/extra-images/candidate-dashboard-navthumb.jpg]
[eyecix.com/html/careerfy/extra-images/candidate-01.jpg]
[eyecix.com/html/careerfy/extra-images/candidate-07.jpg]
[eyecix.com/html/careerfy/extra-images/candidate-02.jpg]
[eyecix.com/html/careerfy/extra-images/candidate-08.jpg]
[eyecix.com/html/careerfy/extra-images/candidate-03.jpg]
[eyecix.com/html/careerfy/extra-images/candidate-04.jpg]
[eyecix.com/html/careerfy/extra-images/candidate-05.jpg]
[eyecix.com/html/careerfy/extra-images/candidate-06.jpg]
[eyecix.com/html/careerfy/candidate-dashboard-applied-jobs.html]
[eyecix.com/html/careerfy/candidate-dashboard-changed-password.html]
[eyecix.com/html/careerfy/candidate-dashboard-cv-manager.html]
[eyecix.com/html/careerfy/candidate-dashboard-job-alert.html]
[eyecix.com/html/careerfy/candidate-dashboard-profile-seting.html]
[eyecix.com/html/careerfy/extra-images/candidate-dashboard-editor.jpg]
[eyecix.com/html/careerfy/extra-images/candidate-add-popup-textarea.png]
[eyecix.com/html/careerfy/extra-images/employer-company-photo-1.png]
[eyecix.com/html/careerfy/extra-images/employer-company-photo-2.png]
[eyecix.com/html/careerfy/extra-images/employer-company-photo-3.png]
[eyecix.com/html/careerfy/extra-images/employer-company-photo-4.png]
[eyecix.com/html/careerfy/extra-images/employer-company-photo-5.png]
[eyecix.com/html/careerfy/extra-images/employer-company-photo-6.png]
[eyecix.com/html/careerfy/extra-images/employer-company-photo-7.png]
[eyecix.com/html/careerfy/candidate-dashboard-resume.html]
[eyecix.com/html/careerfy/extra-images/candidate-saved-jobs-thumb.png]
[eyecix.com/html/careerfy/extra-images/candidate-saved-jobs-thumb-2.png]
[eyecix.com/html/careerfy/extra-images/candidate-saved-jobs-thumb-3.png]
[eyecix.com/html/careerfy/extra-images/candidate-saved-jobs-thumb-4.png]
[eyecix.com/html/careerfy/extra-images/candidate-saved-jobs-thumb-5.png]
[eyecix.com/html/careerfy/extra-images/candidate-saved-jobs-thumb-6.png]
[eyecix.com/html/careerfy/candidate-dashboard-saved-jobs.html]
[eyecix.com/html/careerfy/extra-images/candidate-listing-thumb-1.jpg]
[eyecix.com/html/careerfy/extra-images/candidate-listing-thumb-2.jpg]
[eyecix.com/html/careerfy/extra-images/candidate-listing-thumb-3.jpg]
[eyecix.com/html/careerfy/extra-images/candidate-listing-thumb-4.jpg]
[eyecix.com/html/careerfy/extra-images/candidate-listing-thumb-5.jpg]
[eyecix.com/html/careerfy/extra-images/candidate-listing-thumb-6.jpg]
[eyecix.com/html/careerfy/candidate-listings.html]
[eyecix.com/html/careerfy/extra-images/candidates-grid-thumb-1.jpg]
[eyecix.com/html/careerfy/extra-images/candidates-grid-thumb-2.jpg]
[eyecix.com/html/careerfy/extra-images/candidates-grid-thumb-3.jpg]
[eyecix.com/html/careerfy/extra-images/candidates-grid-thumb-4.jpg]
[eyecix.com/html/careerfy/extra-images/candidates-grid-thumb-5.jpg]
[eyecix.com/html/careerfy/extra-images/candidates-grid-thumb-6.jpg]
[eyecix.com/html/careerfy/extra-images/candidates-grid-thumb-7.jpg]
[eyecix.com/html/careerfy/extra-images/candidates-grid-thumb-8.jpg]
[eyecix.com/html/careerfy/extra-images/candidates-grid-thumb-9.jpg]
[eyecix.com/html/careerfy/candidate-grid.html]
[eyecix.com/html/careerfy/extra-images/candidate-thumb-1.jpg]
[eyecix.com/html/careerfy/extra-images/employer-gallery-2.jpg]
[eyecix.com/html/careerfy/extra-images/employer-gallery-1.jpg]
[eyecix.com/html/careerfy/extra-images/employer-gallery-3.jpg]
[eyecix.com/html/careerfy/extra-images/employer-gallery-4.jpg]
[eyecix.com/html/careerfy/extra-images/employer-gallery-5.jpg]
[eyecix.com/html/careerfy/candidate-detail.html]
[eyecix.com/html/careerfy/extra-images/candidate-detail-two-1.jpg]
[eyecix.com/html/careerfy/candidate-detail-two.html]
[eyecix.com/html/careerfy/extra-images/candidatedetail-3.jpg]
[eyecix.com/html/careerfy/plugin-script/progressbar-two.js]
[eyecix.com/html/careerfy/candidate-detail-three.html]
[eyecix.com/html/careerfy/extra-images/candidate-detail-four-1.jpg]
[eyecix.com/html/careerfy/candidate-detail-four.html]
[eyecix.com/html/careerfy/extra-images/employer-01.png]
[eyecix.com/html/careerfy/extra-images/employer-list-thumb-1.jpg]
[eyecix.com/html/careerfy/extra-images/employer-list-thumb-2.jpg]
[eyecix.com/html/careerfy/extra-images/employer-list-thumb-3.jpg]
[eyecix.com/html/careerfy/extra-images/employer-list-thumb-4.jpg]
[eyecix.com/html/careerfy/extra-images/employer-02.png]
[eyecix.com/html/careerfy/extra-images/employer-03.png]
[eyecix.com/html/careerfy/extra-images/employer-04.png]
[eyecix.com/html/careerfy/extra-images/employer-05.png]
[eyecix.com/html/careerfy/extra-images/employer-06.png]
[eyecix.com/html/careerfy/extra-images/employer-07.png]
[eyecix.com/html/careerfy/extra-images/employer-08.png]
[eyecix.com/html/careerfy/employer-list.html]
[eyecix.com/html/careerfy/employer-grid.html]
[eyecix.com/html/careerfy/extra-images/employer-detail-logo-1.png]
[eyecix.com/html/careerfy/extra-images/company-review-1.jpg]
[eyecix.com/html/careerfy/extra-images/company-review-2.jpg]
[eyecix.com/html/careerfy/extra-images/company-review-3.jpg]
[eyecix.com/html/careerfy/employer-detail.html]
[eyecix.com/html/careerfy/extra-images/employer-detail2-logo.jpg]
[eyecix.com/html/careerfy/extra-images/employer-detail2-candidate-1.jpg]
[eyecix.com/html/careerfy/extra-images/employer-detail2-candidate-2.jpg]
[eyecix.com/html/careerfy/extra-images/employer-detail2-candidate-3.jpg]
[eyecix.com/html/careerfy/extra-images/employer-detail2-candidate-4.jpg]
[eyecix.com/html/careerfy/extra-images/employer-detail2-candidate-5.jpg]
[eyecix.com/html/careerfy/extra-images/employer-detail2-candidate-6.jpg]
[eyecix.com/html/careerfy/extra-images/gallery-two-1.jpg]
[eyecix.com/html/careerfy/extra-images/gallery-two-2.jpg]
[eyecix.com/html/careerfy/extra-images/gallery-two-3.jpg]
[eyecix.com/html/careerfy/extra-images/gallery-two-4.jpg]
[eyecix.com/html/careerfy/extra-images/gallery-two-5.jpg]
[eyecix.com/html/careerfy/employer-detail-two.html]
[eyecix.com/html/careerfy/extra-images/employer-detail3-bg.jpg]
[eyecix.com/html/careerfy/extra-images/employer-detail3-logo.jpg]
[eyecix.com/html/careerfy/extra-images/our-team-member-1.jpg]
[eyecix.com/html/careerfy/extra-images/our-team-member-2.jpg]
[eyecix.com/html/careerfy/extra-images/our-team-member-3.jpg]
[eyecix.com/html/careerfy/extra-images/our-team-member-4.jpg]
[eyecix.com/html/careerfy/extra-images/our-team-member-5.jpg]
[eyecix.com/html/careerfy/extra-images/our-team-member-6.jpg]
[eyecix.com/html/careerfy/extra-images/office-photo-widget-1.jpg]
[eyecix.com/html/careerfy/extra-images/office-photo-widget-2.jpg]
[eyecix.com/html/careerfy/extra-images/office-photo-widget-3.jpg]
[eyecix.com/html/careerfy/extra-images/office-photo-widget-4.jpg]
[eyecix.com/html/careerfy/extra-images/office-photo-widget-5.jpg]
[eyecix.com/html/careerfy/extra-images/office-photo-widget-6.jpg]
[eyecix.com/html/careerfy/extra-images/office-photo-widget-7.jpg]
[eyecix.com/html/careerfy/extra-images/office-photo-widget-8.jpg]
[eyecix.com/html/careerfy/extra-images/office-photo-widget-9.jpg]
[eyecix.com/html/careerfy/employer-detail-three.html]
[eyecix.com/html/careerfy/extra-images/employer-detail-logo-2.jpg]
[eyecix.com/html/careerfy/employer-detail-four.html]
[eyecix.com/html/careerfy/extra-images/employer-dashboard-1.png]
[eyecix.com/html/careerfy/employer-dashboard-transactions.html]
[eyecix.com/html/careerfy/extra-images/resumes-list-thumb-1.jpg]
[eyecix.com/html/careerfy/employer-dashboard-resumes.html]
[eyecix.com/html/careerfy/images/employer-profile-nonphoto.png]
[eyecix.com/html/careerfy/extra-images/employer-company-photo-1.jpg]
[eyecix.com/html/careerfy/employer-dashboard-profile-seting.html]
[eyecix.com/html/careerfy/images/payment-method-card-1.jpg]
[eyecix.com/html/careerfy/images/payment-method-card-2.jpg]
[eyecix.com/html/careerfy/images/payment-method-card-3.jpg]
[eyecix.com/html/careerfy/images/payment-method-card-4.jpg]
[eyecix.com/html/careerfy/extra-images/payment-method-card-5.jpg]
[eyecix.com/html/careerfy/employer-dashboard-pkgpayment.html]
[eyecix.com/html/careerfy/employer-dashboard-packages.html]
[eyecix.com/html/careerfy/employer-dashboard-newjob.html]
[eyecix.com/html/careerfy/employer-dashboard-manage-jobs.html]
[eyecix.com/html/careerfy/images/employer-confirmation-icon.png]
[eyecix.com/html/careerfy/employer-dashboard-confitmation.html]
[eyecix.com/html/careerfy/contact-us.html]
[eyecix.com/html/careerfy/fonts/glyphicons-halflings-regular.html]
[eyecix.com/html/careerfy/fonts/glyphicons-halflings-regulard41d.html]
[eyecix.com/html/careerfy/fonts/glyphicons-halflings-regular-2.html]
[eyecix.com/html/careerfy/fonts/glyphicons-halflings-regular-3.html]
[eyecix.com/html/careerfy/fonts/glyphicons-halflings-regular-4.html]
[eyecix.com/html/careerfy/fonts/glyphicons-halflings-regular-5.html]
[eyecix.com/html/careerfy/fonts/fontawesome-webfont3e6e.svg]
[eyecix.com/html/careerfy/fonts/icomoonea49.svg]
[eyecix.com/html/careerfy/plugin-css/fancybox_loading.html]
[eyecix.com/html/careerfy/extra-images/banner-two-bg.jpg]
[eyecix.com/html/careerfy/extra-images/parallex-box-bg.png]
[eyecix.com/html/careerfy/css/homepage-two.css]
[eyecix.com/html/careerfy/extra-images/banner-three-bg.jpg]
[eyecix.com/html/careerfy/css/homepage-three.css]
[eyecix.com/html/careerfy/extra-images/banner-four-img-1.jpg]
[eyecix.com/html/careerfy/css/homepage-four.css]
[eyecix.com/html/careerfy/fonts/update/icomoon16d5.eot]
[eyecix.com/html/careerfy/fonts/update/icomoon16d5.ttf]
[eyecix.com/html/careerfy/fonts/update/icomoon16d5.woff]
[eyecix.com/html/careerfy/fonts/update/flat-icon.css]
[eyecix.com/html/careerfy/build/play-icon.png]
[eyecix.com/html/careerfy/build/mediaelementplayer.css]
[eyecix.com/html/careerfy/css/homepage-five-typo.html]
[eyecix.com/html/careerfy/css/home-five-color.html]
[eyecix.com/html/careerfy/css/home-four-color.css]
[eyecix.com/html/careerfy/css/home-two-color.css]
[eyecix.com/html/careerfy/css/homepage-five.css]
[eyecix.com/html/careerfy/css/homepage-six.css]
[eyecix.com/html/careerfy/css/homepage-six-typo.css]
[eyecix.com/html/careerfy/css/home-six-color.css]
[eyecix.com/html/careerfy/extra-images/banner-v6.jpg]
[eyecix.com/html/careerfy/css/homepage-seven.css]
[eyecix.com/html/careerfy/css/job-detail-two.css]
[eyecix.com/html/careerfy/extra-images/homev8-banner1-1.jpg]
[eyecix.com/html/careerfy/extra-images/employer-section-bg.jpg]
[eyecix.com/html/careerfy/extra-images/call-to-action-v8.jpg]
[eyecix.com/html/careerfy/css/homepage-eight.css]
[eyecix.com/html/careerfy/css/job-detail-three.css]
[eyecix.com/html/careerfy/extra-images/jobdetail-four-full-bg.jpg]
[eyecix.com/html/careerfy/css/job-detail-four.css]
[eyecix.com/html/careerfy/extra-images/candidate-detail-two-2.jpg]
[eyecix.com/html/careerfy/css/candidate-detail-two.css]
[eyecix.com/html/careerfy/css/candidate-detail-three.css]
[eyecix.com/html/careerfy/extra-images/careerfy-candidate-detail-four-subheader.jpg]
[eyecix.com/html/careerfy/css/candidate-detail-four.css]
[eyecix.com/html/careerfy/css/employer-detail-two.css]
[eyecix.com/html/careerfy/css/employer-detail-three.css]
[eyecix.com/html/careerfy/images/rating-star-2.png]
[eyecix.com/html/careerfy/css/employer-detail-four.css]
[eyecix.com/html/careerfy/fonts/update/icomoon16d5.svg]
[eyecix.com/html/careerfy/build/mejs-controls.svg]
