[backblue.gif]
[fade.gif]
[index.html]
[spos.tecdiary.com/index.html]
[spos.tecdiary.com/login.html]
[spos.tecdiary.com/cdn-cgi/apps/head/Bx0hUCX-YaUCcleOh3fM_NqlPrk.js]
[spos.tecdiary.com/themes/default/assets/images/icon.png]
[spos.tecdiary.com/themes/default/assets/dist/css/styles.css]
[spos.tecdiary.com/themes/default/assets/plugins/jQuery/jQuery-2.1.4.min.js]
[spos.tecdiary.com/themes/default/assets/bootstrap/js/bootstrap.min.js]
[spos.tecdiary.com/login.html]
[spos.tecdiary.com/themes/default/assets/plugins/iCheck/icheck.min.js]
[spos.tecdiary.com/themes/default/assets/dist/fonts/fontawesome-webfont862f.eot]
[spos.tecdiary.com/themes/default/assets/dist/fonts/fontawesome-webfontd41d.eot]
[spos.tecdiary.com/themes/default/assets/dist/fonts/fontawesome-webfont862f.woff]
[spos.tecdiary.com/themes/default/assets/dist/fonts/fontawesome-webfont862f.ttf]
[spos.tecdiary.com/themes/default/assets/dist/fonts/fontawesome-webfont862f.svg]
[spos.tecdiary.com/themes/default/assets/dist/fonts/glyphicons-halflings-regular.eot]
[spos.tecdiary.com/themes/default/assets/dist/fonts/glyphicons-halflings-regulard41d.eot]
[spos.tecdiary.com/themes/default/assets/dist/fonts/glyphicons-halflings-regular.woff2]
[spos.tecdiary.com/themes/default/assets/dist/fonts/glyphicons-halflings-regular.woff]
[spos.tecdiary.com/themes/default/assets/dist/fonts/glyphicons-halflings-regular.ttf]
[spos.tecdiary.com/themes/default/assets/dist/fonts/glyphicons-halflings-regular.svg]
[spos.tecdiary.com/themes/default/assets/dist/css/blue.png]
[spos.tecdiary.com/themes/default/assets/dist/css/blue@2x.png]
[spos.tecdiary.com/themes/default/assets/dist/css/redactor-font.eot]
[spos.tecdiary.com/themes/default/assets/dist/img/boxed-bg.jpg]
[spos.tecdiary.com/themes/default/assets/images/loading_bar.gif]
[spos.tecdiary.com/themes/default/assets/dist/css/styles.css]
[spos.tecdiary.com/themes/default/assets/dist/fonts/fontawesome-webfont862f.svg]
[spos.tecdiary.com/themes/default/assets/dist/fonts/glyphicons-halflings-regular.svg]
[spos.tecdiary.com/themes/default/assets/dist/css/redactor-font.html]
[spos.tecdiary.com/themes/default/assets/dist/img/boxed-bg.html]
