[preview.uideck.com/items/classixer-1.1/index.html]
[backblue.gif]
[fade.gif]
[index.html]
[preview.uideck.com/items/classixer-1.1/assets/css/bootstrap.min.css]
[preview.uideck.com/items/classixer-1.1/assets/fonts/line-icons.css]
[preview.uideck.com/items/classixer-1.1/assets/css/slicknav.css]
[preview.uideck.com/items/classixer-1.1/assets/css/color-switcher.css]
[preview.uideck.com/items/classixer-1.1/assets/css/nivo-lightbox.css]
[preview.uideck.com/items/classixer-1.1/assets/css/animate.css]
[preview.uideck.com/items/classixer-1.1/assets/css/owl.carousel.css]
[preview.uideck.com/items/classixer-1.1/assets/css/main.css]
[preview.uideck.com/items/classixer-1.1/assets/css/responsive.css]
[preview.uideck.com/items/classixer-1.1/index-2.html]
[preview.uideck.com/items/classixer-1.1/assets/img/logo.png]
[preview.uideck.com/items/classixer-1.1/index-3.html]
[preview.uideck.com/items/classixer-1.1/index-4.html]
[preview.uideck.com/items/classixer-1.1/category.html]
[preview.uideck.com/items/classixer-1.1/adlistinggrid.html]
[preview.uideck.com/items/classixer-1.1/adlistinglist.html]
[preview.uideck.com/items/classixer-1.1/ads-details.html]
[preview.uideck.com/items/classixer-1.1/about.html]
[preview.uideck.com/items/classixer-1.1/services.html]
[preview.uideck.com/items/classixer-1.1/post-ads.html]
[preview.uideck.com/items/classixer-1.1/pricing.html]
[preview.uideck.com/items/classixer-1.1/testimonial.html]
[preview.uideck.com/items/classixer-1.1/faq.html]
[preview.uideck.com/items/classixer-1.1/404.html]
[preview.uideck.com/items/classixer-1.1/blog.html]
[preview.uideck.com/items/classixer-1.1/blog-left-sidebar.html]
[preview.uideck.com/items/classixer-1.1/blog-grid-full-width.html]
[preview.uideck.com/items/classixer-1.1/single-post.html]
[preview.uideck.com/items/classixer-1.1/contact.html]
[preview.uideck.com/items/classixer-1.1/account-profile-setting.html]
[preview.uideck.com/items/classixer-1.1/account-myads.html]
[preview.uideck.com/items/classixer-1.1/account-favourite-ads.html]
[preview.uideck.com/items/classixer-1.1/account-archived-ads.html]
[preview.uideck.com/items/classixer-1.1/login.html]
[preview.uideck.com/items/classixer-1.1/signup.html]
[preview.uideck.com/items/classixer-1.1/forgot-password.html]
[preview.uideck.com/items/classixer-1.1/account-close.html]
[preview.uideck.com/items/classixer-1.1/assets/img/featured/img1.jpg]
[preview.uideck.com/items/classixer-1.1/assets/img/featured/img2.jpg]
[preview.uideck.com/items/classixer-1.1/assets/img/featured/img3.jpg]
[preview.uideck.com/items/classixer-1.1/assets/img/featured/img4.jpg]
[preview.uideck.com/items/classixer-1.1/assets/img/featured/img5.jpg]
[preview.uideck.com/items/classixer-1.1/assets/img/featured/img6.jpg]
[preview.uideck.com/items/classixer-1.1/assets/img/product/img1.jpg]
[preview.uideck.com/items/classixer-1.1/assets/img/product/img2.jpg]
[preview.uideck.com/items/classixer-1.1/assets/img/product/img3.jpg]
[preview.uideck.com/items/classixer-1.1/assets/img/product/img4.jpg]
[preview.uideck.com/items/classixer-1.1/assets/img/product/img5.jpg]
[preview.uideck.com/items/classixer-1.1/assets/img/product/img6.jpg]
[preview.uideck.com/items/classixer-1.1/assets/img/product/img7.jpg]
[preview.uideck.com/items/classixer-1.1/assets/img/product/img8.jpg]
[preview.uideck.com/items/classixer-1.1/assets/img/testimonial/img1.png]
[preview.uideck.com/items/classixer-1.1/assets/img/testimonial/img2.png]
[preview.uideck.com/items/classixer-1.1/assets/img/testimonial/img3.png]
[preview.uideck.com/items/classixer-1.1/assets/img/art/img1.jpg]
[preview.uideck.com/items/classixer-1.1/assets/img/art/img2.jpg]
[preview.uideck.com/items/classixer-1.1/assets/img/footer/card1.jpg]
[preview.uideck.com/items/classixer-1.1/assets/img/footer/card2.jpg]
[preview.uideck.com/items/classixer-1.1/assets/img/footer/card3.jpg]
[preview.uideck.com/items/classixer-1.1/assets/img/footer/card4.jpg]
[preview.uideck.com/items/classixer-1.1/assets/js/jquery-min.js]
[preview.uideck.com/items/classixer-1.1/assets/js/popper.min.js]
[preview.uideck.com/items/classixer-1.1/assets/js/color-switcher.js]
[preview.uideck.com/items/classixer-1.1/assets/js/jquery.counterup.min.js]
[preview.uideck.com/items/classixer-1.1/assets/js/bootstrap.min.js]
[preview.uideck.com/items/classixer-1.1/assets/js/waypoints.min.js]
[preview.uideck.com/items/classixer-1.1/assets/js/wow.js]
[preview.uideck.com/items/classixer-1.1/assets/js/owl.carousel.min.js]
[preview.uideck.com/items/classixer-1.1/assets/js/nivo-lightbox.js]
[preview.uideck.com/items/classixer-1.1/assets/js/jquery.slicknav.js]
[preview.uideck.com/items/classixer-1.1/assets/js/main.js]
[preview.uideck.com/items/classixer-1.1/assets/js/form-validator.min.js]
[preview.uideck.com/items/classixer-1.1/assets/js/contact-form-script.min.js]
[preview.uideck.com/items/classixer-1.1/index.html]
[preview.uideck.com/items/classixer-1.1/assets/css/bootstrap.min.css]
[preview.uideck.com/items/classixer-1.1/assets/js/summernote.js]
[preview.uideck.com/items/classixer-1.1/assets/fonts/LineIcons0ad2.ttf]
[preview.uideck.com/items/classixer-1.1/assets/fonts/LineIcons0ad2.svg]
[preview.uideck.com/items/classixer-1.1/assets/fonts/line-icons.css]
[preview.uideck.com/items/classixer-1.1/assets/css/slicknav.css]
[preview.uideck.com/items/classixer-1.1/assets/css/color-switcher.css]
[preview.uideck.com/items/classixer-1.1/assets/css/nivo-lightbox.css]
[preview.uideck.com/items/classixer-1.1/assets/css/animate.css]
[preview.uideck.com/items/classixer-1.1/assets/fonts/LineIcons0ad2.eot]
[preview.uideck.com/items/classixer-1.1/assets/css/grabbing.png]
[preview.uideck.com/items/classixer-1.1/assets/css/owl.carousel.css]
[preview.uideck.com/items/classixer-1.1/assets/img/hero-area.jpg]
[preview.uideck.com/items/classixer-1.1/assets/img/background/counter-back1.jpg]
[preview.uideck.com/items/classixer-1.1/assets/fonts/LineIcons0ad2.woff]
[preview.uideck.com/items/classixer-1.1/assets/css/main.css]
[preview.uideck.com/items/classixer-1.1/assets/css/responsive.css]
[preview.uideck.com/items/classixer-1.1/index-2.html]
[preview.uideck.com/items/classixer-1.1/assets/img/cities/img1.jpg]
[preview.uideck.com/items/classixer-1.1/assets/img/cities/img2.jpg]
[preview.uideck.com/items/classixer-1.1/assets/img/cities/img3.jpg]
[preview.uideck.com/items/classixer-1.1/assets/img/cities/img4.jpg]
[preview.uideck.com/items/classixer-1.1/assets/img/cities/img5.jpg]
[preview.uideck.com/items/classixer-1.1/assets/img/category/img-01.jpg]
[preview.uideck.com/items/classixer-1.1/assets/img/category/img-02.jpg]
[preview.uideck.com/items/classixer-1.1/assets/img/category/img-03.jpg]
[preview.uideck.com/items/classixer-1.1/assets/img/category/img-04.jpg]
[preview.uideck.com/items/classixer-1.1/assets/img/category/img-05.jpg]
[preview.uideck.com/items/classixer-1.1/assets/img/ctl-img.jpg]
[preview.uideck.com/items/classixer-1.1/assets/img/blog/img1.jpg]
[preview.uideck.com/items/classixer-1.1/assets/img/blog/img2.jpg]
[preview.uideck.com/items/classixer-1.1/assets/img/blog/img3.jpg]
[preview.uideck.com/items/classixer-1.1/index-3.html]
[preview.uideck.com/items/classixer-1.1/index-4.html]
[preview.uideck.com/items/classixer-1.1/assets/img/img1.jpg]
[preview.uideck.com/items/classixer-1.1/category.html]
[preview.uideck.com/items/classixer-1.1/assets/img/banner1.jpg]
[preview.uideck.com/items/classixer-1.1/adlistinggrid.html]
[preview.uideck.com/items/classixer-1.1/adlistinglist.html]
[preview.uideck.com/items/classixer-1.1/assets/img/productinfo/img1.jpg]
[preview.uideck.com/items/classixer-1.1/assets/img/productinfo/img2.jpg]
[preview.uideck.com/items/classixer-1.1/assets/img/productinfo/img3.jpg]
[preview.uideck.com/items/classixer-1.1/ads-details.html]
[preview.uideck.com/items/classixer-1.1/assets/img/about/about.png]
[preview.uideck.com/items/classixer-1.1/about.html]
[preview.uideck.com/items/classixer-1.1/services.html]
[preview.uideck.com/items/classixer-1.1/assets/css/summernote.css]
[preview.uideck.com/items/classixer-1.1/assets/img/author/img1.jpg]
[preview.uideck.com/items/classixer-1.1/dashboard.html]
[preview.uideck.com/items/classixer-1.1/dashboard-payments.html]
[preview.uideck.com/items/classixer-1.1/post-ads.html]
[preview.uideck.com/items/classixer-1.1/pricing.html]
[preview.uideck.com/items/classixer-1.1/testimonial.html]
[preview.uideck.com/items/classixer-1.1/faq.html]
[preview.uideck.com/items/classixer-1.1/404.html]
[preview.uideck.com/items/classixer-1.1/assets/img/blog/blog1.jpg]
[preview.uideck.com/items/classixer-1.1/assets/img/blog/blog2.jpg]
[preview.uideck.com/items/classixer-1.1/assets/img/blog/blog3.jpg]
[preview.uideck.com/items/classixer-1.1/assets/img/blog/thumb1.jpg]
[preview.uideck.com/items/classixer-1.1/assets/img/blog/thumb2.jpg]
[preview.uideck.com/items/classixer-1.1/assets/img/blog/thumb3.jpg]
[preview.uideck.com/items/classixer-1.1/assets/img/blog/thumb4.jpg]
[preview.uideck.com/items/classixer-1.1/assets/img/blog/thumb5.jpg]
[preview.uideck.com/items/classixer-1.1/blog.html]
[preview.uideck.com/items/classixer-1.1/blog-left-sidebar.html]
[preview.uideck.com/items/classixer-1.1/blog-grid-full-width.html]
[preview.uideck.com/items/classixer-1.1/assets/img/blog/user1.jpg]
[preview.uideck.com/items/classixer-1.1/assets/img/blog/user2.jpg]
[preview.uideck.com/items/classixer-1.1/assets/img/blog/user3.jpg]
[preview.uideck.com/items/classixer-1.1/single-post.html]
[preview.uideck.com/cdn-cgi/scripts/5c5dd728/cloudflare-static/email-decode.min.js]
[preview.uideck.com/items/classixer-1.1/assets/js/map.js]
[preview.uideck.com/items/classixer-1.1/contact.html]
[preview.uideck.com/items/classixer-1.1/offermessages.html]
[preview.uideck.com/items/classixer-1.1/payments.html]
[preview.uideck.com/items/classixer-1.1/account-profile-setting.html]
[preview.uideck.com/items/classixer-1.1/privacy-setting.html]
[preview.uideck.com/items/classixer-1.1/assets/img/product/img9.jpg]
[preview.uideck.com/items/classixer-1.1/assets/img/product/img10.jpg]
[preview.uideck.com/items/classixer-1.1/account-myads.html]
[preview.uideck.com/items/classixer-1.1/account-favourite-ads.html]
[preview.uideck.com/items/classixer-1.1/account-archived-ads.html]
[preview.uideck.com/items/classixer-1.1/login.html]
[preview.uideck.com/items/classixer-1.1/signup.html]
[preview.uideck.com/items/classixer-1.1/forgot-password.html]
[preview.uideck.com/items/classixer-1.1/account-close.html]
[preview.uideck.com/items/classixer-1.1/assets/fonts/LineIcons0ad2.svg]
[preview.uideck.com/items/classixer-1.1/assets/css/grabbing.html]
[preview.uideck.com/items/classixer-1.1/assets/css/font/summernote4c4d.eot]
[preview.uideck.com/items/classixer-1.1/assets/css/font/summernoted41d.eot]
[preview.uideck.com/items/classixer-1.1/assets/css/font/summernote4c4d.woff]
[preview.uideck.com/items/classixer-1.1/assets/css/font/summernote4c4d.ttf]
[preview.uideck.com/items/classixer-1.1/assets/css/summernote.css]
[preview.uideck.com/items/classixer-1.1/dashboard.html]
[preview.uideck.com/items/classixer-1.1/dashboard-payments.html]
[preview.uideck.com/items/classixer-1.1/offermessages.html]
[preview.uideck.com/items/classixer-1.1/payments.html]
[preview.uideck.com/items/classixer-1.1/privacy-setting.html]
